// Jest Snapshot v1, https://goo.gl/fbAQLP

exports[`Pruebas en <GifExpertApp />  Hacer match con el snapshot 1`] = `
<Fragment>
  <h2>
     GifExpert App
  </h2>
  <AddCategory
    setCategories={[Function]}
  />
  <hr />
  <ol />
  <ScrollButton />
</Fragment>
`;
