// Jest Snapshot v1, https://goo.gl/fbAQLP

exports[`pruebas en el componente AddCategory debe hacer el match con el snapshot 1`] = `
<form
  onSubmit={[Function]}
>
  <input
    onChange={[Function]}
    placeholder="Busca un hÃ©roe"
    type="text"
    value=""
  />
</form>
`;
