// Jest Snapshot v1, https://goo.gl/fbAQLP

exports[`Pruebas en GifGridItem hacer match con el snapshot 1`] = `
<div
  className="card animate__animated animate__backInUp"
>
  <img
    alt="Un titulo"
    src="https://localhost/testsuite.jpg"
  />
  <p>
    Un titulo
  </p>
</div>
`;
